    Checking strata-core v0.1.1 (/Users/master/cyber/.worktrees/selfhost-0.4-finalization-20261002/observe/strata/core)
    Checking crossbeam-utils v0.8.22
    Checking serde_core v1.0.229
    Checking crossbeam-epoch v0.9.20
    Checking zerocopy v0.8.56
    Checking strata-compute v0.1.1 (/Users/master/cyber/.worktrees/selfhost-0.4-finalization-20261002/observe/strata/compute)
    Checking strata-proof v0.1.1 (/Users/master/cyber/.worktrees/selfhost-0.4-finalization-20261002/observe/strata/proof)
    Checking strata-ext v0.1.1 (/Users/master/cyber/.worktrees/selfhost-0.4-finalization-20261002/observe/strata/ext)
    Checking either v1.17.0
    Checking cfg-if v1.0.4
    Checking strata-nebu v0.1.1 (/Users/master/cyber/.worktrees/selfhost-0.4-finalization-20261002/observe/strata/nebu/rs)
    Checking serde v1.0.229
    Checking crossbeam-deque v0.8.7
    Checking zmij v1.0.23
    Checking memchr v2.8.3
    Checking anstyle v1.0.14
    Checking clap_lex v1.1.0
    Checking itoa v1.0.18
    Checking cyber-hemera v0.3.1 (/Users/master/cyber/.worktrees/selfhost-0.4-finalization-20261002/observe/hemera/rs)
    Checking half v2.7.1
    Checking regex-syntax v0.8.11
    Checking plotters-backend v0.3.7
    Checking ciborium-io v0.2.2
    Checking ciborium-ll v0.2.2
    Checking plotters-svg v0.3.7
    Checking serde_json v1.0.151
    Checking regex-automata v0.4.18
    Checking clap_builder v4.6.6
    Checking num-traits v0.2.19
    Checking rayon-core v1.13.0
    Checking libc v0.2.189
    Checking itertools v0.10.5
    Checking cast v0.3.0
    Checking same-file v1.0.6
    Checking walkdir v2.5.0
    Checking is-terminal v0.4.17
    Checking plotters v0.3.7
    Checking criterion-plot v0.5.0
    Checking rayon v1.12.0
    Checking clap v4.6.6
    Checking regex v1.13.1
    Checking tinytemplate v1.2.1
    Checking ciborium v0.2.2
    Checking cyber-nox v0.3.0 (/Users/master/cyber/.worktrees/selfhost-0.4-finalization-20261002/observe/nox/rs)
    Checking oorandom v11.1.5
    Checking once_cell v1.21.4
    Checking anes v0.1.6
    Checking criterion v0.5.1
    Checking nox-cli v0.2.0 (/Users/master/cyber/.worktrees/selfhost-0.4-finalization-20261002/observe/nox/cli)
    Finished `release` profile [optimized] target(s) in 4.36s
